// Vitest Snapshot v1

exports[`<Header/> > should show match snapshot 1`] = `
{
  "asFragment": [Function],
  "baseElement": <body>
    <div>
      <div
        class="sc-bczRLJ kPWdKs"
      >
        <img
          class="sc-gsnTZi fcoXBT"
          src="/src/assets/icons/AppLogo.svg"
        />
        <div
          class="sc-dkzDqf hCLNHX"
        >
          <div
            class="sc-hKMtZM YDUQe"
            data-cy="header-button-home"
          >
            <div
              class="sc-eCYdqJ ipwMuM"
            >
              <img
                class="sc-jSMfEi jGzQWq"
                src="/src/assets/icons/HomeIcon.svg"
              />
            </div>
          </div>
          <div
            class="sc-hKMtZM YDUQe"
            data-cy="header-button-groups"
          >
            <div
              class="sc-eCYdqJ ipwMuM"
            >
              <img
                class="sc-jSMfEi jGzQWq"
                src="/src/assets/icons/GroupsIcon.svg"
              />
            </div>
          </div>
          <div
            class="sc-hKMtZM YDUQe"
            data-cy="header-button-contacts"
          >
            <div
              class="sc-eCYdqJ ipwMuM"
            >
              <img
                class="sc-jSMfEi jGzQWq"
                src="/src/assets/icons/ContactsIcon.svg"
              />
            </div>
          </div>
          <div
            class="sc-hKMtZM YDUQe"
            data-cy="header-button-messages"
          >
            <div
              class="sc-eCYdqJ ipwMuM"
            >
              <img
                class="sc-jSMfEi jGzQWq"
                src="/src/assets/icons/MessagesIcon.svg"
              />
            </div>
            <div
              class="sc-gKXOVf eSfgBS"
            >
              +30
            </div>
          </div>
          <div
            class="sc-hKMtZM YDUQe"
            data-cy="header-button-notifications"
          >
            <div
              class="sc-eCYdqJ ipwMuM"
            >
              <img
                class="sc-jSMfEi jGzQWq"
                src="/src/assets/icons/NotificationsIcon.svg"
              />
            </div>
            <div
              class="sc-gKXOVf eSfgBS"
            >
              +30
            </div>
          </div>
          <div
            class="sc-hKMtZM YDUQe"
          >
            <div
              class="sc-eCYdqJ BvGKt"
            >
              <img
                class="sc-jSMfEi bsZMGe"
                src="/src/assets/icons/ProfilePhotoIcon.svg"
              />
            </div>
          </div>
        </div>
      </div>
    </div>
  </body>,
  "container": <div>
    <div
      class="sc-bczRLJ kPWdKs"
    >
      <img
        class="sc-gsnTZi fcoXBT"
        src="/src/assets/icons/AppLogo.svg"
      />
      <div
        class="sc-dkzDqf hCLNHX"
      >
        <div
          class="sc-hKMtZM YDUQe"
          data-cy="header-button-home"
        >
          <div
            class="sc-eCYdqJ ipwMuM"
          >
            <img
              class="sc-jSMfEi jGzQWq"
              src="/src/assets/icons/HomeIcon.svg"
            />
          </div>
        </div>
        <div
          class="sc-hKMtZM YDUQe"
          data-cy="header-button-groups"
        >
          <div
            class="sc-eCYdqJ ipwMuM"
          >
            <img
              class="sc-jSMfEi jGzQWq"
              src="/src/assets/icons/GroupsIcon.svg"
            />
          </div>
        </div>
        <div
          class="sc-hKMtZM YDUQe"
          data-cy="header-button-contacts"
        >
          <div
            class="sc-eCYdqJ ipwMuM"
          >
            <img
              class="sc-jSMfEi jGzQWq"
              src="/src/assets/icons/ContactsIcon.svg"
            />
          </div>
        </div>
        <div
          class="sc-hKMtZM YDUQe"
          data-cy="header-button-messages"
        >
          <div
            class="sc-eCYdqJ ipwMuM"
          >
            <img
              class="sc-jSMfEi jGzQWq"
              src="/src/assets/icons/MessagesIcon.svg"
            />
          </div>
          <div
            class="sc-gKXOVf eSfgBS"
          >
            +30
          </div>
        </div>
        <div
          class="sc-hKMtZM YDUQe"
          data-cy="header-button-notifications"
        >
          <div
            class="sc-eCYdqJ ipwMuM"
          >
            <img
              class="sc-jSMfEi jGzQWq"
              src="/src/assets/icons/NotificationsIcon.svg"
            />
          </div>
          <div
            class="sc-gKXOVf eSfgBS"
          >
            +30
          </div>
        </div>
        <div
          class="sc-hKMtZM YDUQe"
        >
          <div
            class="sc-eCYdqJ BvGKt"
          >
            <img
              class="sc-jSMfEi bsZMGe"
              src="/src/assets/icons/ProfilePhotoIcon.svg"
            />
          </div>
        </div>
      </div>
    </div>
  </div>,
  "debug": [Function],
  "findAllByAltText": [Function],
  "findAllByDisplayValue": [Function],
  "findAllByLabelText": [Function],
  "findAllByPlaceholderText": [Function],
  "findAllByRole": [Function],
  "findAllByTestId": [Function],
  "findAllByText": [Function],
  "findAllByTitle": [Function],
  "findByAltText": [Function],
  "findByDisplayValue": [Function],
  "findByLabelText": [Function],
  "findByPlaceholderText": [Function],
  "findByRole": [Function],
  "findByTestId": [Function],
  "findByText": [Function],
  "findByTitle": [Function],
  "getAllByAltText": [Function],
  "getAllByDisplayValue": [Function],
  "getAllByLabelText": [Function],
  "getAllByPlaceholderText": [Function],
  "getAllByRole": [Function],
  "getAllByTestId": [Function],
  "getAllByText": [Function],
  "getAllByTitle": [Function],
  "getByAltText": [Function],
  "getByDisplayValue": [Function],
  "getByLabelText": [Function],
  "getByPlaceholderText": [Function],
  "getByRole": [Function],
  "getByTestId": [Function],
  "getByText": [Function],
  "getByTitle": [Function],
  "queryAllByAltText": [Function],
  "queryAllByDisplayValue": [Function],
  "queryAllByLabelText": [Function],
  "queryAllByPlaceholderText": [Function],
  "queryAllByRole": [Function],
  "queryAllByTestId": [Function],
  "queryAllByText": [Function],
  "queryAllByTitle": [Function],
  "queryByAltText": [Function],
  "queryByDisplayValue": [Function],
  "queryByLabelText": [Function],
  "queryByPlaceholderText": [Function],
  "queryByRole": [Function],
  "queryByTestId": [Function],
  "queryByText": [Function],
  "queryByTitle": [Function],
  "rerender": [Function],
  "unmount": [Function],
}
`;
