// Vitest Snapshot v1

exports[`<Notifications/> > should show match snapshot 1`] = `
{
  "asFragment": [Function],
  "baseElement": <body>
    <div>
      <div
        class="sc-crXcEl keWfMn"
      >
        <div
          class="sc-evZas QXptK"
        >
          <span
            class="sc-breuTD hpSfOq"
          >
            Notifications
          </span>
          <div
            class="sc-ksZaOG kVCpTI"
          >
            <div
              class="sc-papXJ EhaSZ sc-hAZoDl kZYwjL"
            >
              <img
                class="sc-jqUVSM gubRuo"
                src="/src/assets/icons/AppIcon.svg"
              />
              <div
                class="sc-kDDrLX HKNkb"
              />
            </div>
            <div
              class="sc-papXJ fjhlhe sc-hAZoDl kZYwjL"
            >
              <img
                class="sc-jqUVSM gubRuo"
                src="/src/assets/icons/InstagramIcon.svg"
              />
              <div
                class="sc-ftvSup gajWbD sc-iqcoie bwqaUE"
              >
                2
              </div>
            </div>
            <div
              class="sc-papXJ fjhlhe sc-hAZoDl kZYwjL"
            >
              <img
                class="sc-jqUVSM gubRuo"
                src="/src/assets/icons/TwitterIcon.svg"
              />
              <div
                class="sc-ftvSup gajWbD sc-iqcoie bwqaUE"
              >
                +30
              </div>
            </div>
            <div
              class="sc-papXJ fjhlhe sc-hAZoDl kZYwjL"
            >
              <img
                class="sc-jqUVSM gubRuo"
                src="/src/assets/icons/FacebookIcon.svg"
              />
              <div
                class="sc-ftvSup gajWbD sc-iqcoie bwqaUE"
              >
                +30
              </div>
            </div>
          </div>
        </div>
        <div
          class="sc-fnykZs gvyPkA"
        >
          <div
            class="sc-dkzDqf hXIkkB"
            data-cy="notificaiton-card-0"
          >
            <img
              class="sc-hKMtZM eaHsLj"
              src="/src/assets/icons/AlfredoPhotoIcon.svg"
            />
            <span
              class="sc-eCYdqJ jMxTVP"
            >
              Alfredo
            </span>
            <span
              class="sc-jSMfEi jCXEyz"
            >
              liked your tweet.
            </span>
            <span
              class="sc-gKXOVf fVYPhJ"
            >
              1h
            </span>
            <div
              class="sc-bczRLJ gpaXLH"
            >
              <img
                class="sc-gsnTZi gNNCuJ"
                src="/src/assets/icons/TwitterIcon.svg"
              />
            </div>
          </div>
          <div
            class="sc-dkzDqf hXIkkB"
            data-cy="notificaiton-card-1"
          >
            <img
              class="sc-hKMtZM eaHsLj"
              src="/src/assets/icons/ContactPhotoIcon.svg"
            />
            <span
              class="sc-eCYdqJ jMxTVP"
            >
              Contact Name
            </span>
            <span
              class="sc-jSMfEi jCXEyz"
            >
              liked your post.
            </span>
            <span
              class="sc-gKXOVf fVYPhJ"
            >
              1h
            </span>
            <div
              class="sc-bczRLJ gpaXLH"
            >
              <img
                class="sc-gsnTZi gNNCuJ"
                src="/src/assets/icons/InstagramIcon.svg"
              />
            </div>
          </div>
          <div
            class="sc-dkzDqf hXIkkB"
            data-cy="notificaiton-card-2"
          >
            <img
              class="sc-hKMtZM eaHsLj"
              src="/src/assets/icons/ContactPhotoIcon.svg"
            />
            <span
              class="sc-eCYdqJ jMxTVP"
            >
              Contact Name
            </span>
            <span
              class="sc-jSMfEi jCXEyz"
            >
              shared your post.
            </span>
            <span
              class="sc-gKXOVf fVYPhJ"
            >
              1h
            </span>
            <div
              class="sc-bczRLJ gpaXLH"
            >
              <img
                class="sc-gsnTZi gNNCuJ"
                src="/src/assets/icons/FacebookIcon.svg"
              />
            </div>
          </div>
          <div
            class="sc-dkzDqf hXIkkB"
            data-cy="notificaiton-card-3"
          >
            <img
              class="sc-hKMtZM eaHsLj"
              src="/src/assets/icons/ContactPhotoIcon.svg"
            />
            <span
              class="sc-eCYdqJ jMxTVP"
            >
              Contact Name
            </span>
            <span
              class="sc-jSMfEi jCXEyz"
            >
              liked your post.
            </span>
            <span
              class="sc-gKXOVf fVYPhJ"
            >
              1h
            </span>
            <div
              class="sc-bczRLJ gpaXLH"
            >
              <img
                class="sc-gsnTZi gNNCuJ"
                src="/src/assets/icons/InstagramIcon.svg"
              />
            </div>
          </div>
          <div
            class="sc-dkzDqf hXIkkB"
            data-cy="notificaiton-card-4"
          >
            <img
              class="sc-hKMtZM eaHsLj"
              src="/src/assets/icons/ContactPhotoIcon.svg"
            />
            <span
              class="sc-eCYdqJ jMxTVP"
            >
              Contact Name
            </span>
            <span
              class="sc-jSMfEi jCXEyz"
            >
              liked your post.
            </span>
            <span
              class="sc-gKXOVf fVYPhJ"
            >
              2h
            </span>
            <div
              class="sc-bczRLJ gpaXLH"
            >
              <img
                class="sc-gsnTZi gNNCuJ"
                src="/src/assets/icons/TwitterIcon.svg"
              />
            </div>
          </div>
        </div>
      </div>
    </div>
  </body>,
  "container": <div>
    <div
      class="sc-crXcEl keWfMn"
    >
      <div
        class="sc-evZas QXptK"
      >
        <span
          class="sc-breuTD hpSfOq"
        >
          Notifications
        </span>
        <div
          class="sc-ksZaOG kVCpTI"
        >
          <div
            class="sc-papXJ EhaSZ sc-hAZoDl kZYwjL"
          >
            <img
              class="sc-jqUVSM gubRuo"
              src="/src/assets/icons/AppIcon.svg"
            />
            <div
              class="sc-kDDrLX HKNkb"
            />
          </div>
          <div
            class="sc-papXJ fjhlhe sc-hAZoDl kZYwjL"
          >
            <img
              class="sc-jqUVSM gubRuo"
              src="/src/assets/icons/InstagramIcon.svg"
            />
            <div
              class="sc-ftvSup gajWbD sc-iqcoie bwqaUE"
            >
              2
            </div>
          </div>
          <div
            class="sc-papXJ fjhlhe sc-hAZoDl kZYwjL"
          >
            <img
              class="sc-jqUVSM gubRuo"
              src="/src/assets/icons/TwitterIcon.svg"
            />
            <div
              class="sc-ftvSup gajWbD sc-iqcoie bwqaUE"
            >
              +30
            </div>
          </div>
          <div
            class="sc-papXJ fjhlhe sc-hAZoDl kZYwjL"
          >
            <img
              class="sc-jqUVSM gubRuo"
              src="/src/assets/icons/FacebookIcon.svg"
            />
            <div
              class="sc-ftvSup gajWbD sc-iqcoie bwqaUE"
            >
              +30
            </div>
          </div>
        </div>
      </div>
      <div
        class="sc-fnykZs gvyPkA"
      >
        <div
          class="sc-dkzDqf hXIkkB"
          data-cy="notificaiton-card-0"
        >
          <img
            class="sc-hKMtZM eaHsLj"
            src="/src/assets/icons/AlfredoPhotoIcon.svg"
          />
          <span
            class="sc-eCYdqJ jMxTVP"
          >
            Alfredo
          </span>
          <span
            class="sc-jSMfEi jCXEyz"
          >
            liked your tweet.
          </span>
          <span
            class="sc-gKXOVf fVYPhJ"
          >
            1h
          </span>
          <div
            class="sc-bczRLJ gpaXLH"
          >
            <img
              class="sc-gsnTZi gNNCuJ"
              src="/src/assets/icons/TwitterIcon.svg"
            />
          </div>
        </div>
        <div
          class="sc-dkzDqf hXIkkB"
          data-cy="notificaiton-card-1"
        >
          <img
            class="sc-hKMtZM eaHsLj"
            src="/src/assets/icons/ContactPhotoIcon.svg"
          />
          <span
            class="sc-eCYdqJ jMxTVP"
          >
            Contact Name
          </span>
          <span
            class="sc-jSMfEi jCXEyz"
          >
            liked your post.
          </span>
          <span
            class="sc-gKXOVf fVYPhJ"
          >
            1h
          </span>
          <div
            class="sc-bczRLJ gpaXLH"
          >
            <img
              class="sc-gsnTZi gNNCuJ"
              src="/src/assets/icons/InstagramIcon.svg"
            />
          </div>
        </div>
        <div
          class="sc-dkzDqf hXIkkB"
          data-cy="notificaiton-card-2"
        >
          <img
            class="sc-hKMtZM eaHsLj"
            src="/src/assets/icons/ContactPhotoIcon.svg"
          />
          <span
            class="sc-eCYdqJ jMxTVP"
          >
            Contact Name
          </span>
          <span
            class="sc-jSMfEi jCXEyz"
          >
            shared your post.
          </span>
          <span
            class="sc-gKXOVf fVYPhJ"
          >
            1h
          </span>
          <div
            class="sc-bczRLJ gpaXLH"
          >
            <img
              class="sc-gsnTZi gNNCuJ"
              src="/src/assets/icons/FacebookIcon.svg"
            />
          </div>
        </div>
        <div
          class="sc-dkzDqf hXIkkB"
          data-cy="notificaiton-card-3"
        >
          <img
            class="sc-hKMtZM eaHsLj"
            src="/src/assets/icons/ContactPhotoIcon.svg"
          />
          <span
            class="sc-eCYdqJ jMxTVP"
          >
            Contact Name
          </span>
          <span
            class="sc-jSMfEi jCXEyz"
          >
            liked your post.
          </span>
          <span
            class="sc-gKXOVf fVYPhJ"
          >
            1h
          </span>
          <div
            class="sc-bczRLJ gpaXLH"
          >
            <img
              class="sc-gsnTZi gNNCuJ"
              src="/src/assets/icons/InstagramIcon.svg"
            />
          </div>
        </div>
        <div
          class="sc-dkzDqf hXIkkB"
          data-cy="notificaiton-card-4"
        >
          <img
            class="sc-hKMtZM eaHsLj"
            src="/src/assets/icons/ContactPhotoIcon.svg"
          />
          <span
            class="sc-eCYdqJ jMxTVP"
          >
            Contact Name
          </span>
          <span
            class="sc-jSMfEi jCXEyz"
          >
            liked your post.
          </span>
          <span
            class="sc-gKXOVf fVYPhJ"
          >
            2h
          </span>
          <div
            class="sc-bczRLJ gpaXLH"
          >
            <img
              class="sc-gsnTZi gNNCuJ"
              src="/src/assets/icons/TwitterIcon.svg"
            />
          </div>
        </div>
      </div>
    </div>
  </div>,
  "debug": [Function],
  "findAllByAltText": [Function],
  "findAllByDisplayValue": [Function],
  "findAllByLabelText": [Function],
  "findAllByPlaceholderText": [Function],
  "findAllByRole": [Function],
  "findAllByTestId": [Function],
  "findAllByText": [Function],
  "findAllByTitle": [Function],
  "findByAltText": [Function],
  "findByDisplayValue": [Function],
  "findByLabelText": [Function],
  "findByPlaceholderText": [Function],
  "findByRole": [Function],
  "findByTestId": [Function],
  "findByText": [Function],
  "findByTitle": [Function],
  "getAllByAltText": [Function],
  "getAllByDisplayValue": [Function],
  "getAllByLabelText": [Function],
  "getAllByPlaceholderText": [Function],
  "getAllByRole": [Function],
  "getAllByTestId": [Function],
  "getAllByText": [Function],
  "getAllByTitle": [Function],
  "getByAltText": [Function],
  "getByDisplayValue": [Function],
  "getByLabelText": [Function],
  "getByPlaceholderText": [Function],
  "getByRole": [Function],
  "getByTestId": [Function],
  "getByText": [Function],
  "getByTitle": [Function],
  "queryAllByAltText": [Function],
  "queryAllByDisplayValue": [Function],
  "queryAllByLabelText": [Function],
  "queryAllByPlaceholderText": [Function],
  "queryAllByRole": [Function],
  "queryAllByTestId": [Function],
  "queryAllByText": [Function],
  "queryAllByTitle": [Function],
  "queryByAltText": [Function],
  "queryByDisplayValue": [Function],
  "queryByLabelText": [Function],
  "queryByPlaceholderText": [Function],
  "queryByRole": [Function],
  "queryByTestId": [Function],
  "queryByText": [Function],
  "queryByTitle": [Function],
  "rerender": [Function],
  "unmount": [Function],
}
`;
